../Core/Src/main.c:77:6:T_Led_Out	4	static
../Core/Src/main.c:80:6:serial_send4	128	static
../Core/Src/main.c:103:6:serial_send3	72	static
../Core/Src/main.c:121:6:serial_send2	64	static
../Core/Src/main.c:137:6:debug_function	24	static
../Core/Src/main.c:151:6:serial_send	40	static
../Core/Src/main.c:223:5:main	8	static
../Core/Src/main.c:307:6:SystemClock_Config	88	static
../Core/Src/main.c:437:13:MX_TIM3_Init	64	static
../Core/Src/main.c:501:13:MX_USART1_UART_Init	8	static
../Core/Src/main.c:534:13:MX_GPIO_Init	40	static
../Core/Src/main.c:563:6:Error_Handler	4	static,ignoring_inline_asm
